TEST - WARNING - warning message test
TEST - WARNING - warning message test
